Corrupt JPEG data: premature end of data segment
Corrupt JPEG data: premature end of data segment
----------------------------------------
Exception occurred during processing of request from ('127.0.0.1', 54914)
Traceback (most recent call last):
  File "/home/dx1991/anaconda3/envs/ycyserver/lib/python3.12/socketserver.py", line 697, in process_request_thread
    self.finish_request(request, client_address)
  File "/home/dx1991/anaconda3/envs/ycyserver/lib/python3.12/socketserver.py", line 362, in finish_request
    self.RequestHandlerClass(request, client_address, self)
  File "/home/dx1991/anaconda3/envs/ycyserver/lib/python3.12/socketserver.py", line 766, in __init__
    self.handle()
  File "/home/dx1991/anaconda3/envs/ycyserver/lib/python3.12/http/server.py", line 440, in handle
    self.handle_one_request()
  File "/home/dx1991/anaconda3/envs/ycyserver/lib/python3.12/http/server.py", line 428, in handle_one_request
    method()
  File "/home/dx1991/.openclaw/workspace-fusang/ycycam-udp/server/web_receiver.py", line 207, in do_GET
    self.send_detections()
  File "/home/dx1991/.openclaw/workspace-fusang/ycycam-udp/server/web_receiver.py", line 248, in send_detections
    self.wfile.write(json.dumps(result).encode())
  File "/home/dx1991/anaconda3/envs/ycyserver/lib/python3.12/socketserver.py", line 845, in write
    self._sock.sendall(b)
BrokenPipeError: [Errno 32] Broken pipe
----------------------------------------
----------------------------------------
Exception occurred during processing of request from ('127.0.0.1', 54918)
Traceback (most recent call last):
  File "/home/dx1991/anaconda3/envs/ycyserver/lib/python3.12/socketserver.py", line 697, in process_request_thread
    self.finish_request(request, client_address)
  File "/home/dx1991/anaconda3/envs/ycyserver/lib/python3.12/socketserver.py", line 362, in finish_request
    self.RequestHandlerClass(request, client_address, self)
  File "/home/dx1991/anaconda3/envs/ycyserver/lib/python3.12/socketserver.py", line 766, in __init__
    self.handle()
  File "/home/dx1991/anaconda3/envs/ycyserver/lib/python3.12/http/server.py", line 440, in handle
    self.handle_one_request()
  File "/home/dx1991/anaconda3/envs/ycyserver/lib/python3.12/http/server.py", line 428, in handle_one_request
    method()
  File "/home/dx1991/.openclaw/workspace-fusang/ycycam-udp/server/web_receiver.py", line 207, in do_GET
    self.send_detections()
  File "/home/dx1991/.openclaw/workspace-fusang/ycycam-udp/server/web_receiver.py", line 248, in send_detections
    self.wfile.write(json.dumps(result).encode())
  File "/home/dx1991/anaconda3/envs/ycyserver/lib/python3.12/socketserver.py", line 845, in write
    self._sock.sendall(b)
BrokenPipeError: [Errno 32] Broken pipe
----------------------------------------
----------------------------------------
Exception occurred during processing of request from ('127.0.0.1', 54932)
Traceback (most recent call last):
  File "/home/dx1991/anaconda3/envs/ycyserver/lib/python3.12/socketserver.py", line 697, in process_request_thread
    self.finish_request(request, client_address)
  File "/home/dx1991/anaconda3/envs/ycyserver/lib/python3.12/socketserver.py", line 362, in finish_request
    self.RequestHandlerClass(request, client_address, self)
  File "/home/dx1991/anaconda3/envs/ycyserver/lib/python3.12/socketserver.py", line 766, in __init__
    self.handle()
  File "/home/dx1991/anaconda3/envs/ycyserver/lib/python3.12/http/server.py", line 440, in handle
    self.handle_one_request()
  File "/home/dx1991/anaconda3/envs/ycyserver/lib/python3.12/http/server.py", line 428, in handle_one_request
    method()
  File "/home/dx1991/.openclaw/workspace-fusang/ycycam-udp/server/web_receiver.py", line 205, in do_GET
    self.send_status()
  File "/home/dx1991/.openclaw/workspace-fusang/ycycam-udp/server/web_receiver.py", line 644, in send_status
    self.wfile.write(json.dumps(stats).encode())
  File "/home/dx1991/anaconda3/envs/ycyserver/lib/python3.12/socketserver.py", line 845, in write
    self._sock.sendall(b)
BrokenPipeError: [Errno 32] Broken pipe
----------------------------------------
----------------------------------------
Exception occurred during processing of request from ('127.0.0.1', 54934)
Traceback (most recent call last):
  File "/home/dx1991/anaconda3/envs/ycyserver/lib/python3.12/socketserver.py", line 697, in process_request_thread
    self.finish_request(request, client_address)
  File "/home/dx1991/anaconda3/envs/ycyserver/lib/python3.12/socketserver.py", line 362, in finish_request
    self.RequestHandlerClass(request, client_address, self)
  File "/home/dx1991/anaconda3/envs/ycyserver/lib/python3.12/socketserver.py", line 766, in __init__
    self.handle()
  File "/home/dx1991/anaconda3/envs/ycyserver/lib/python3.12/http/server.py", line 440, in handle
    self.handle_one_request()
  File "/home/dx1991/anaconda3/envs/ycyserver/lib/python3.12/http/server.py", line 428, in handle_one_request
    method()
  File "/home/dx1991/.openclaw/workspace-fusang/ycycam-udp/server/web_receiver.py", line 207, in do_GET
    self.send_detections()
  File "/home/dx1991/.openclaw/workspace-fusang/ycycam-udp/server/web_receiver.py", line 248, in send_detections
    self.wfile.write(json.dumps(result).encode())
  File "/home/dx1991/anaconda3/envs/ycyserver/lib/python3.12/socketserver.py", line 845, in write
    self._sock.sendall(b)
BrokenPipeError: [Errno 32] Broken pipe
----------------------------------------
----------------------------------------
Exception occurred during processing of request from ('127.0.0.1', 54936)
Traceback (most recent call last):
  File "/home/dx1991/anaconda3/envs/ycyserver/lib/python3.12/socketserver.py", line 697, in process_request_thread
    self.finish_request(request, client_address)
  File "/home/dx1991/anaconda3/envs/ycyserver/lib/python3.12/socketserver.py", line 362, in finish_request
    self.RequestHandlerClass(request, client_address, self)
  File "/home/dx1991/anaconda3/envs/ycyserver/lib/python3.12/socketserver.py", line 766, in __init__
    self.handle()
  File "/home/dx1991/anaconda3/envs/ycyserver/lib/python3.12/http/server.py", line 440, in handle
    self.handle_one_request()
  File "/home/dx1991/anaconda3/envs/ycyserver/lib/python3.12/http/server.py", line 428, in handle_one_request
    method()
  File "/home/dx1991/.openclaw/workspace-fusang/ycycam-udp/server/web_receiver.py", line 205, in do_GET
    self.send_status()
  File "/home/dx1991/.openclaw/workspace-fusang/ycycam-udp/server/web_receiver.py", line 644, in send_status
    self.wfile.write(json.dumps(stats).encode())
  File "/home/dx1991/anaconda3/envs/ycyserver/lib/python3.12/socketserver.py", line 845, in write
    self._sock.sendall(b)
BrokenPipeError: [Errno 32] Broken pipe
----------------------------------------
----------------------------------------
Exception occurred during processing of request from ('127.0.0.1', 54944)
Traceback (most recent call last):
  File "/home/dx1991/anaconda3/envs/ycyserver/lib/python3.12/socketserver.py", line 697, in process_request_thread
    self.finish_request(request, client_address)
  File "/home/dx1991/anaconda3/envs/ycyserver/lib/python3.12/socketserver.py", line 362, in finish_request
    self.RequestHandlerClass(request, client_address, self)
  File "/home/dx1991/anaconda3/envs/ycyserver/lib/python3.12/socketserver.py", line 766, in __init__
    self.handle()
  File "/home/dx1991/anaconda3/envs/ycyserver/lib/python3.12/http/server.py", line 440, in handle
    self.handle_one_request()
  File "/home/dx1991/anaconda3/envs/ycyserver/lib/python3.12/http/server.py", line 428, in handle_one_request
    method()
  File "/home/dx1991/.openclaw/workspace-fusang/ycycam-udp/server/web_receiver.py", line 205, in do_GET
    self.send_status()
  File "/home/dx1991/.openclaw/workspace-fusang/ycycam-udp/server/web_receiver.py", line 644, in send_status
    self.wfile.write(json.dumps(stats).encode())
  File "/home/dx1991/anaconda3/envs/ycyserver/lib/python3.12/socketserver.py", line 845, in write
    self._sock.sendall(b)
BrokenPipeError: [Errno 32] Broken pipe
----------------------------------------
----------------------------------------
Exception occurred during processing of request from ('127.0.0.1', 54952)
Traceback (most recent call last):
  File "/home/dx1991/anaconda3/envs/ycyserver/lib/python3.12/socketserver.py", line 697, in process_request_thread
    self.finish_request(request, client_address)
  File "/home/dx1991/anaconda3/envs/ycyserver/lib/python3.12/socketserver.py", line 362, in finish_request
    self.RequestHandlerClass(request, client_address, self)
  File "/home/dx1991/anaconda3/envs/ycyserver/lib/python3.12/socketserver.py", line 766, in __init__
    self.handle()
  File "/home/dx1991/anaconda3/envs/ycyserver/lib/python3.12/http/server.py", line 440, in handle
    self.handle_one_request()
  File "/home/dx1991/anaconda3/envs/ycyserver/lib/python3.12/http/server.py", line 428, in handle_one_request
    method()
  File "/home/dx1991/.openclaw/workspace-fusang/ycycam-udp/server/web_receiver.py", line 207, in do_GET
    self.send_detections()
  File "/home/dx1991/.openclaw/workspace-fusang/ycycam-udp/server/web_receiver.py", line 248, in send_detections
    self.wfile.write(json.dumps(result).encode())
  File "/home/dx1991/anaconda3/envs/ycyserver/lib/python3.12/socketserver.py", line 845, in write
    self._sock.sendall(b)
BrokenPipeError: [Errno 32] Broken pipe
----------------------------------------
----------------------------------------
Exception occurred during processing of request from ('127.0.0.1', 54958)
Traceback (most recent call last):
  File "/home/dx1991/anaconda3/envs/ycyserver/lib/python3.12/socketserver.py", line 697, in process_request_thread
    self.finish_request(request, client_address)
  File "/home/dx1991/anaconda3/envs/ycyserver/lib/python3.12/socketserver.py", line 362, in finish_request
    self.RequestHandlerClass(request, client_address, self)
  File "/home/dx1991/anaconda3/envs/ycyserver/lib/python3.12/socketserver.py", line 766, in __init__
    self.handle()
  File "/home/dx1991/anaconda3/envs/ycyserver/lib/python3.12/http/server.py", line 440, in handle
    self.handle_one_request()
  File "/home/dx1991/anaconda3/envs/ycyserver/lib/python3.12/http/server.py", line 428, in handle_one_request
    method()
  File "/home/dx1991/.openclaw/workspace-fusang/ycycam-udp/server/web_receiver.py", line 205, in do_GET
    self.send_status()
  File "/home/dx1991/.openclaw/workspace-fusang/ycycam-udp/server/web_receiver.py", line 644, in send_status
    self.wfile.write(json.dumps(stats).encode())
  File "/home/dx1991/anaconda3/envs/ycyserver/lib/python3.12/socketserver.py", line 845, in write
    self._sock.sendall(b)
BrokenPipeError: [Errno 32] Broken pipe
----------------------------------------
----------------------------------------
Exception occurred during processing of request from ('127.0.0.1', 54966)
----------------------------------------
Traceback (most recent call last):
Exception occurred during processing of request from ('127.0.0.1', 54980)
  File "/home/dx1991/anaconda3/envs/ycyserver/lib/python3.12/socketserver.py", line 697, in process_request_thread
    self.finish_request(request, client_address)
Traceback (most recent call last):
  File "/home/dx1991/anaconda3/envs/ycyserver/lib/python3.12/socketserver.py", line 362, in finish_request
    self.RequestHandlerClass(request, client_address, self)
  File "/home/dx1991/anaconda3/envs/ycyserver/lib/python3.12/socketserver.py", line 697, in process_request_thread
    self.finish_request(request, client_address)
  File "/home/dx1991/anaconda3/envs/ycyserver/lib/python3.12/socketserver.py", line 766, in __init__
    self.handle()
  File "/home/dx1991/anaconda3/envs/ycyserver/lib/python3.12/socketserver.py", line 362, in finish_request
    self.RequestHandlerClass(request, client_address, self)
  File "/home/dx1991/anaconda3/envs/ycyserver/lib/python3.12/http/server.py", line 440, in handle
    self.handle_one_request()
  File "/home/dx1991/anaconda3/envs/ycyserver/lib/python3.12/socketserver.py", line 766, in __init__
    self.handle()
  File "/home/dx1991/anaconda3/envs/ycyserver/lib/python3.12/http/server.py", line 428, in handle_one_request
    method()
  File "/home/dx1991/anaconda3/envs/ycyserver/lib/python3.12/http/server.py", line 440, in handle
    self.handle_one_request()
  File "/home/dx1991/.openclaw/workspace-fusang/ycycam-udp/server/web_receiver.py", line 207, in do_GET
    self.send_detections()
  File "/home/dx1991/anaconda3/envs/ycyserver/lib/python3.12/http/server.py", line 428, in handle_one_request
    method()
  File "/home/dx1991/.openclaw/workspace-fusang/ycycam-udp/server/web_receiver.py", line 248, in send_detections
    self.wfile.write(json.dumps(result).encode())
  File "/home/dx1991/.openclaw/workspace-fusang/ycycam-udp/server/web_receiver.py", line 205, in do_GET
    self.send_status()
  File "/home/dx1991/anaconda3/envs/ycyserver/lib/python3.12/socketserver.py", line 845, in write
    self._sock.sendall(b)
  File "/home/dx1991/.openclaw/workspace-fusang/ycycam-udp/server/web_receiver.py", line 644, in send_status
    self.wfile.write(json.dumps(stats).encode())
BrokenPipeError: [Errno 32] Broken pipe
  File "/home/dx1991/anaconda3/envs/ycyserver/lib/python3.12/socketserver.py", line 845, in write
    self._sock.sendall(b)
----------------------------------------
BrokenPipeError: [Errno 32] Broken pipe
----------------------------------------
----------------------------------------
Exception occurred during processing of request from ('127.0.0.1', 54982)
----------------------------------------
Exception occurred during processing of request from ('127.0.0.1', 54984)
Traceback (most recent call last):
----------------------------------------
  File "/home/dx1991/anaconda3/envs/ycyserver/lib/python3.12/socketserver.py", line 697, in process_request_thread
    self.finish_request(request, client_address)
Exception occurred during processing of request from ('127.0.0.1', 54992)
  File "/home/dx1991/anaconda3/envs/ycyserver/lib/python3.12/socketserver.py", line 362, in finish_request
    self.RequestHandlerClass(request, client_address, self)
  File "/home/dx1991/anaconda3/envs/ycyserver/lib/python3.12/socketserver.py", line 766, in __init__
    self.handle()
  File "/home/dx1991/anaconda3/envs/ycyserver/lib/python3.12/http/server.py", line 440, in handle
    self.handle_one_request()
Traceback (most recent call last):
  File "/home/dx1991/anaconda3/envs/ycyserver/lib/python3.12/http/server.py", line 428, in handle_one_request
    method()
Traceback (most recent call last):
  File "/home/dx1991/.openclaw/workspace-fusang/ycycam-udp/server/web_receiver.py", line 207, in do_GET
    self.send_detections()
  File "/home/dx1991/anaconda3/envs/ycyserver/lib/python3.12/socketserver.py", line 697, in process_request_thread
    self.finish_request(request, client_address)
  File "/home/dx1991/.openclaw/workspace-fusang/ycycam-udp/server/web_receiver.py", line 248, in send_detections
    self.wfile.write(json.dumps(result).encode())
  File "/home/dx1991/anaconda3/envs/ycyserver/lib/python3.12/socketserver.py", line 697, in process_request_thread
    self.finish_request(request, client_address)
  File "/home/dx1991/anaconda3/envs/ycyserver/lib/python3.12/socketserver.py", line 362, in finish_request
    self.RequestHandlerClass(request, client_address, self)
  File "/home/dx1991/anaconda3/envs/ycyserver/lib/python3.12/socketserver.py", line 362, in finish_request
    self.RequestHandlerClass(request, client_address, self)
  File "/home/dx1991/anaconda3/envs/ycyserver/lib/python3.12/socketserver.py", line 766, in __init__
    self.handle()
  File "/home/dx1991/anaconda3/envs/ycyserver/lib/python3.12/socketserver.py", line 766, in __init__
    self.handle()
  File "/home/dx1991/anaconda3/envs/ycyserver/lib/python3.12/http/server.py", line 440, in handle
    self.handle_one_request()
  File "/home/dx1991/anaconda3/envs/ycyserver/lib/python3.12/http/server.py", line 428, in handle_one_request
    method()
  File "/home/dx1991/anaconda3/envs/ycyserver/lib/python3.12/socketserver.py", line 845, in write
    self._sock.sendall(b)
  File "/home/dx1991/.openclaw/workspace-fusang/ycycam-udp/server/web_receiver.py", line 207, in do_GET
    self.send_detections()
  File "/home/dx1991/.openclaw/workspace-fusang/ycycam-udp/server/web_receiver.py", line 248, in send_detections
    self.wfile.write(json.dumps(result).encode())
  File "/home/dx1991/anaconda3/envs/ycyserver/lib/python3.12/http/server.py", line 440, in handle
    self.handle_one_request()
  File "/home/dx1991/anaconda3/envs/ycyserver/lib/python3.12/socketserver.py", line 845, in write
    self._sock.sendall(b)
  File "/home/dx1991/anaconda3/envs/ycyserver/lib/python3.12/http/server.py", line 428, in handle_one_request
    method()
BrokenPipeError: [Errno 32] Broken pipe
BrokenPipeError: [Errno 32] Broken pipe
----------------------------------------
  File "/home/dx1991/.openclaw/workspace-fusang/ycycam-udp/server/web_receiver.py", line 205, in do_GET
    self.send_status()
----------------------------------------
  File "/home/dx1991/.openclaw/workspace-fusang/ycycam-udp/server/web_receiver.py", line 644, in send_status
    self.wfile.write(json.dumps(stats).encode())
  File "/home/dx1991/anaconda3/envs/ycyserver/lib/python3.12/socketserver.py", line 845, in write
    self._sock.sendall(b)
BrokenPipeError: [Errno 32] Broken pipe
----------------------------------------
----------------------------------------
Exception occurred during processing of request from ('127.0.0.1', 50562)
----------------------------------------
Traceback (most recent call last):
Exception occurred during processing of request from ('127.0.0.1', 50564)
  File "/home/dx1991/anaconda3/envs/ycyserver/lib/python3.12/socketserver.py", line 697, in process_request_thread
    self.finish_request(request, client_address)
  File "/home/dx1991/anaconda3/envs/ycyserver/lib/python3.12/socketserver.py", line 362, in finish_request
    self.RequestHandlerClass(request, client_address, self)
  File "/home/dx1991/anaconda3/envs/ycyserver/lib/python3.12/socketserver.py", line 766, in __init__
    self.handle()
  File "/home/dx1991/anaconda3/envs/ycyserver/lib/python3.12/http/server.py", line 440, in handle
    self.handle_one_request()
  File "/home/dx1991/anaconda3/envs/ycyserver/lib/python3.12/http/server.py", line 428, in handle_one_request
    method()
  File "/home/dx1991/.openclaw/workspace-fusang/ycycam-udp/server/web_receiver.py", line 207, in do_GET
    self.send_detections()
  File "/home/dx1991/.openclaw/workspace-fusang/ycycam-udp/server/web_receiver.py", line 248, in send_detections
    self.wfile.write(json.dumps(result).encode())
  File "/home/dx1991/anaconda3/envs/ycyserver/lib/python3.12/socketserver.py", line 845, in write
    self._sock.sendall(b)
BrokenPipeError: [Errno 32] Broken pipe
----------------------------------------
Traceback (most recent call last):
  File "/home/dx1991/anaconda3/envs/ycyserver/lib/python3.12/socketserver.py", line 697, in process_request_thread
    self.finish_request(request, client_address)
  File "/home/dx1991/anaconda3/envs/ycyserver/lib/python3.12/socketserver.py", line 362, in finish_request
    self.RequestHandlerClass(request, client_address, self)
  File "/home/dx1991/anaconda3/envs/ycyserver/lib/python3.12/socketserver.py", line 766, in __init__
    self.handle()
  File "/home/dx1991/anaconda3/envs/ycyserver/lib/python3.12/http/server.py", line 440, in handle
    self.handle_one_request()
  File "/home/dx1991/anaconda3/envs/ycyserver/lib/python3.12/http/server.py", line 428, in handle_one_request
    method()
  File "/home/dx1991/.openclaw/workspace-fusang/ycycam-udp/server/web_receiver.py", line 205, in do_GET
    self.send_status()
  File "/home/dx1991/.openclaw/workspace-fusang/ycycam-udp/server/web_receiver.py", line 644, in send_status
    self.wfile.write(json.dumps(stats).encode())
  File "/home/dx1991/anaconda3/envs/ycyserver/lib/python3.12/socketserver.py", line 845, in write
    self._sock.sendall(b)
BrokenPipeError: [Errno 32] Broken pipe
----------------------------------------
----------------------------------------
Exception occurred during processing of request from ('127.0.0.1', 50570)
Traceback (most recent call last):
  File "/home/dx1991/anaconda3/envs/ycyserver/lib/python3.12/socketserver.py", line 697, in process_request_thread
    self.finish_request(request, client_address)
  File "/home/dx1991/anaconda3/envs/ycyserver/lib/python3.12/socketserver.py", line 362, in finish_request
    self.RequestHandlerClass(request, client_address, self)
  File "/home/dx1991/anaconda3/envs/ycyserver/lib/python3.12/socketserver.py", line 766, in __init__
    self.handle()
  File "/home/dx1991/anaconda3/envs/ycyserver/lib/python3.12/http/server.py", line 440, in handle
    self.handle_one_request()
  File "/home/dx1991/anaconda3/envs/ycyserver/lib/python3.12/http/server.py", line 428, in handle_one_request
    method()
  File "/home/dx1991/.openclaw/workspace-fusang/ycycam-udp/server/web_receiver.py", line 205, in do_GET
    self.send_status()
  File "/home/dx1991/.openclaw/workspace-fusang/ycycam-udp/server/web_receiver.py", line 644, in send_status
    self.wfile.write(json.dumps(stats).encode())
  File "/home/dx1991/anaconda3/envs/ycyserver/lib/python3.12/socketserver.py", line 845, in write
    self._sock.sendall(b)
BrokenPipeError: [Errno 32] Broken pipe
----------------------------------------
----------------------------------------
Exception occurred during processing of request from ('127.0.0.1', 50578)
----------------------------------------
Exception occurred during processing of request from ('127.0.0.1', 50582)
Traceback (most recent call last):
  File "/home/dx1991/anaconda3/envs/ycyserver/lib/python3.12/socketserver.py", line 697, in process_request_thread
    self.finish_request(request, client_address)
  File "/home/dx1991/anaconda3/envs/ycyserver/lib/python3.12/socketserver.py", line 362, in finish_request
    self.RequestHandlerClass(request, client_address, self)
  File "/home/dx1991/anaconda3/envs/ycyserver/lib/python3.12/socketserver.py", line 766, in __init__
    self.handle()
  File "/home/dx1991/anaconda3/envs/ycyserver/lib/python3.12/http/server.py", line 440, in handle
    self.handle_one_request()
  File "/home/dx1991/anaconda3/envs/ycyserver/lib/python3.12/http/server.py", line 428, in handle_one_request
    method()
  File "/home/dx1991/.openclaw/workspace-fusang/ycycam-udp/server/web_receiver.py", line 205, in do_GET
    self.send_status()
  File "/home/dx1991/.openclaw/workspace-fusang/ycycam-udp/server/web_receiver.py", line 644, in send_status
    self.wfile.write(json.dumps(stats).encode())
  File "/home/dx1991/anaconda3/envs/ycyserver/lib/python3.12/socketserver.py", line 845, in write
    self._sock.sendall(b)
BrokenPipeError: [Errno 32] Broken pipe
----------------------------------------
Traceback (most recent call last):
  File "/home/dx1991/anaconda3/envs/ycyserver/lib/python3.12/socketserver.py", line 697, in process_request_thread
    self.finish_request(request, client_address)
  File "/home/dx1991/anaconda3/envs/ycyserver/lib/python3.12/socketserver.py", line 362, in finish_request
    self.RequestHandlerClass(request, client_address, self)
  File "/home/dx1991/anaconda3/envs/ycyserver/lib/python3.12/socketserver.py", line 766, in __init__
    self.handle()
  File "/home/dx1991/anaconda3/envs/ycyserver/lib/python3.12/http/server.py", line 440, in handle
    self.handle_one_request()
  File "/home/dx1991/anaconda3/envs/ycyserver/lib/python3.12/http/server.py", line 428, in handle_one_request
    method()
  File "/home/dx1991/.openclaw/workspace-fusang/ycycam-udp/server/web_receiver.py", line 207, in do_GET
    self.send_detections()
  File "/home/dx1991/.openclaw/workspace-fusang/ycycam-udp/server/web_receiver.py", line 248, in send_detections
    self.wfile.write(json.dumps(result).encode())
  File "/home/dx1991/anaconda3/envs/ycyserver/lib/python3.12/socketserver.py", line 845, in write
    self._sock.sendall(b)
BrokenPipeError: [Errno 32] Broken pipe
----------------------------------------
----------------------------------------
Exception occurred during processing of request from ('127.0.0.1', 50594)
----------------------------------------
Exception occurred during processing of request from ('127.0.0.1', 50606)
Traceback (most recent call last):
Traceback (most recent call last):
  File "/home/dx1991/anaconda3/envs/ycyserver/lib/python3.12/socketserver.py", line 697, in process_request_thread
    self.finish_request(request, client_address)
  File "/home/dx1991/anaconda3/envs/ycyserver/lib/python3.12/socketserver.py", line 697, in process_request_thread
    self.finish_request(request, client_address)
  File "/home/dx1991/anaconda3/envs/ycyserver/lib/python3.12/socketserver.py", line 362, in finish_request
    self.RequestHandlerClass(request, client_address, self)
  File "/home/dx1991/anaconda3/envs/ycyserver/lib/python3.12/socketserver.py", line 362, in finish_request
    self.RequestHandlerClass(request, client_address, self)
  File "/home/dx1991/anaconda3/envs/ycyserver/lib/python3.12/socketserver.py", line 766, in __init__
    self.handle()
  File "/home/dx1991/anaconda3/envs/ycyserver/lib/python3.12/socketserver.py", line 766, in __init__
    self.handle()
  File "/home/dx1991/anaconda3/envs/ycyserver/lib/python3.12/http/server.py", line 440, in handle
    self.handle_one_request()
  File "/home/dx1991/anaconda3/envs/ycyserver/lib/python3.12/http/server.py", line 440, in handle
    self.handle_one_request()
  File "/home/dx1991/anaconda3/envs/ycyserver/lib/python3.12/http/server.py", line 428, in handle_one_request
    method()
  File "/home/dx1991/anaconda3/envs/ycyserver/lib/python3.12/http/server.py", line 428, in handle_one_request
    method()
  File "/home/dx1991/.openclaw/workspace-fusang/ycycam-udp/server/web_receiver.py", line 205, in do_GET
    self.send_status()
  File "/home/dx1991/.openclaw/workspace-fusang/ycycam-udp/server/web_receiver.py", line 207, in do_GET
    self.send_detections()
  File "/home/dx1991/.openclaw/workspace-fusang/ycycam-udp/server/web_receiver.py", line 644, in send_status
    self.wfile.write(json.dumps(stats).encode())
  File "/home/dx1991/.openclaw/workspace-fusang/ycycam-udp/server/web_receiver.py", line 248, in send_detections
    self.wfile.write(json.dumps(result).encode())
  File "/home/dx1991/anaconda3/envs/ycyserver/lib/python3.12/socketserver.py", line 845, in write
    self._sock.sendall(b)
  File "/home/dx1991/anaconda3/envs/ycyserver/lib/python3.12/socketserver.py", line 845, in write
    self._sock.sendall(b)
BrokenPipeError: [Errno 32] Broken pipe
BrokenPipeError: [Errno 32] Broken pipe
----------------------------------------
----------------------------------------
----------------------------------------
Exception occurred during processing of request from ('127.0.0.1', 50608)
Traceback (most recent call last):
  File "/home/dx1991/anaconda3/envs/ycyserver/lib/python3.12/socketserver.py", line 697, in process_request_thread
    self.finish_request(request, client_address)
  File "/home/dx1991/anaconda3/envs/ycyserver/lib/python3.12/socketserver.py", line 362, in finish_request
    self.RequestHandlerClass(request, client_address, self)
  File "/home/dx1991/anaconda3/envs/ycyserver/lib/python3.12/socketserver.py", line 766, in __init__
    self.handle()
  File "/home/dx1991/anaconda3/envs/ycyserver/lib/python3.12/http/server.py", line 440, in handle
    self.handle_one_request()
  File "/home/dx1991/anaconda3/envs/ycyserver/lib/python3.12/http/server.py", line 428, in handle_one_request
    method()
  File "/home/dx1991/.openclaw/workspace-fusang/ycycam-udp/server/web_receiver.py", line 205, in do_GET
    self.send_status()
  File "/home/dx1991/.openclaw/workspace-fusang/ycycam-udp/server/web_receiver.py", line 644, in send_status
    self.wfile.write(json.dumps(stats).encode())
  File "/home/dx1991/anaconda3/envs/ycyserver/lib/python3.12/socketserver.py", line 845, in write
    self._sock.sendall(b)
BrokenPipeError: [Errno 32] Broken pipe
----------------------------------------
----------------------------------------
Exception occurred during processing of request from ('127.0.0.1', 50614)
Traceback (most recent call last):
  File "/home/dx1991/anaconda3/envs/ycyserver/lib/python3.12/socketserver.py", line 697, in process_request_thread
    self.finish_request(request, client_address)
  File "/home/dx1991/anaconda3/envs/ycyserver/lib/python3.12/socketserver.py", line 362, in finish_request
    self.RequestHandlerClass(request, client_address, self)
  File "/home/dx1991/anaconda3/envs/ycyserver/lib/python3.12/socketserver.py", line 766, in __init__
    self.handle()
  File "/home/dx1991/anaconda3/envs/ycyserver/lib/python3.12/http/server.py", line 440, in handle
    self.handle_one_request()
  File "/home/dx1991/anaconda3/envs/ycyserver/lib/python3.12/http/server.py", line 428, in handle_one_request
    method()
  File "/home/dx1991/.openclaw/workspace-fusang/ycycam-udp/server/web_receiver.py", line 207, in do_GET
    self.send_detections()
  File "/home/dx1991/.openclaw/workspace-fusang/ycycam-udp/server/web_receiver.py", line 248, in send_detections
    self.wfile.write(json.dumps(result).encode())
  File "/home/dx1991/anaconda3/envs/ycyserver/lib/python3.12/socketserver.py", line 845, in write
    self._sock.sendall(b)
BrokenPipeError: [Errno 32] Broken pipe
----------------------------------------
----------------------------------------
Exception occurred during processing of request from ('127.0.0.1', 50624)
----------------------------------------
Exception occurred during processing of request from ('127.0.0.1', 50630)
Traceback (most recent call last):
  File "/home/dx1991/anaconda3/envs/ycyserver/lib/python3.12/socketserver.py", line 697, in process_request_thread
    self.finish_request(request, client_address)
  File "/home/dx1991/anaconda3/envs/ycyserver/lib/python3.12/socketserver.py", line 362, in finish_request
    self.RequestHandlerClass(request, client_address, self)
  File "/home/dx1991/anaconda3/envs/ycyserver/lib/python3.12/socketserver.py", line 766, in __init__
    self.handle()
  File "/home/dx1991/anaconda3/envs/ycyserver/lib/python3.12/http/server.py", line 440, in handle
    self.handle_one_request()
  File "/home/dx1991/anaconda3/envs/ycyserver/lib/python3.12/http/server.py", line 428, in handle_one_request
    method()
  File "/home/dx1991/.openclaw/workspace-fusang/ycycam-udp/server/web_receiver.py", line 207, in do_GET
    self.send_detections()
  File "/home/dx1991/.openclaw/workspace-fusang/ycycam-udp/server/web_receiver.py", line 248, in send_detections
    self.wfile.write(json.dumps(result).encode())
  File "/home/dx1991/anaconda3/envs/ycyserver/lib/python3.12/socketserver.py", line 845, in write
    self._sock.sendall(b)
BrokenPipeError: [Errno 32] Broken pipe
----------------------------------------
----------------------------------------
Exception occurred during processing of request from ('127.0.0.1', 50640)
Traceback (most recent call last):
Traceback (most recent call last):
  File "/home/dx1991/anaconda3/envs/ycyserver/lib/python3.12/socketserver.py", line 697, in process_request_thread
    self.finish_request(request, client_address)
  File "/home/dx1991/anaconda3/envs/ycyserver/lib/python3.12/socketserver.py", line 697, in process_request_thread
    self.finish_request(request, client_address)
  File "/home/dx1991/anaconda3/envs/ycyserver/lib/python3.12/socketserver.py", line 362, in finish_request
    self.RequestHandlerClass(request, client_address, self)
  File "/home/dx1991/anaconda3/envs/ycyserver/lib/python3.12/socketserver.py", line 362, in finish_request
    self.RequestHandlerClass(request, client_address, self)
  File "/home/dx1991/anaconda3/envs/ycyserver/lib/python3.12/socketserver.py", line 766, in __init__
    self.handle()
  File "/home/dx1991/anaconda3/envs/ycyserver/lib/python3.12/socketserver.py", line 766, in __init__
    self.handle()
  File "/home/dx1991/anaconda3/envs/ycyserver/lib/python3.12/http/server.py", line 440, in handle
    self.handle_one_request()
  File "/home/dx1991/anaconda3/envs/ycyserver/lib/python3.12/http/server.py", line 440, in handle
    self.handle_one_request()
  File "/home/dx1991/anaconda3/envs/ycyserver/lib/python3.12/http/server.py", line 428, in handle_one_request
    method()
  File "/home/dx1991/anaconda3/envs/ycyserver/lib/python3.12/http/server.py", line 428, in handle_one_request
    method()
  File "/home/dx1991/.openclaw/workspace-fusang/ycycam-udp/server/web_receiver.py", line 205, in do_GET
    self.send_status()
  File "/home/dx1991/.openclaw/workspace-fusang/ycycam-udp/server/web_receiver.py", line 207, in do_GET
    self.send_detections()
  File "/home/dx1991/.openclaw/workspace-fusang/ycycam-udp/server/web_receiver.py", line 644, in send_status
    self.wfile.write(json.dumps(stats).encode())
  File "/home/dx1991/.openclaw/workspace-fusang/ycycam-udp/server/web_receiver.py", line 248, in send_detections
    self.wfile.write(json.dumps(result).encode())
  File "/home/dx1991/anaconda3/envs/ycyserver/lib/python3.12/socketserver.py", line 845, in write
    self._sock.sendall(b)
  File "/home/dx1991/anaconda3/envs/ycyserver/lib/python3.12/socketserver.py", line 845, in write
    self._sock.sendall(b)
BrokenPipeError: [Errno 32] Broken pipe
BrokenPipeError: [Errno 32] Broken pipe
----------------------------------------
----------------------------------------
----------------------------------------
Exception occurred during processing of request from ('127.0.0.1', 50654)
Traceback (most recent call last):
  File "/home/dx1991/anaconda3/envs/ycyserver/lib/python3.12/socketserver.py", line 697, in process_request_thread
    self.finish_request(request, client_address)
  File "/home/dx1991/anaconda3/envs/ycyserver/lib/python3.12/socketserver.py", line 362, in finish_request
    self.RequestHandlerClass(request, client_address, self)
  File "/home/dx1991/anaconda3/envs/ycyserver/lib/python3.12/socketserver.py", line 766, in __init__
    self.handle()
  File "/home/dx1991/anaconda3/envs/ycyserver/lib/python3.12/http/server.py", line 440, in handle
    self.handle_one_request()
  File "/home/dx1991/anaconda3/envs/ycyserver/lib/python3.12/http/server.py", line 428, in handle_one_request
    method()
  File "/home/dx1991/.openclaw/workspace-fusang/ycycam-udp/server/web_receiver.py", line 205, in do_GET
    self.send_status()
  File "/home/dx1991/.openclaw/workspace-fusang/ycycam-udp/server/web_receiver.py", line 644, in send_status
    self.wfile.write(json.dumps(stats).encode())
  File "/home/dx1991/anaconda3/envs/ycyserver/lib/python3.12/socketserver.py", line 845, in write
    self._sock.sendall(b)
BrokenPipeError: [Errno 32] Broken pipe
----------------------------------------
----------------------------------------
Exception occurred during processing of request from ('127.0.0.1', 50664)
Traceback (most recent call last):
  File "/home/dx1991/anaconda3/envs/ycyserver/lib/python3.12/socketserver.py", line 697, in process_request_thread
    self.finish_request(request, client_address)
  File "/home/dx1991/anaconda3/envs/ycyserver/lib/python3.12/socketserver.py", line 362, in finish_request
    self.RequestHandlerClass(request, client_address, self)
  File "/home/dx1991/anaconda3/envs/ycyserver/lib/python3.12/socketserver.py", line 766, in __init__
    self.handle()
  File "/home/dx1991/anaconda3/envs/ycyserver/lib/python3.12/http/server.py", line 440, in handle
    self.handle_one_request()
  File "/home/dx1991/anaconda3/envs/ycyserver/lib/python3.12/http/server.py", line 428, in handle_one_request
    method()
  File "/home/dx1991/.openclaw/workspace-fusang/ycycam-udp/server/web_receiver.py", line 207, in do_GET
    self.send_detections()
  File "/home/dx1991/.openclaw/workspace-fusang/ycycam-udp/server/web_receiver.py", line 248, in send_detections
    self.wfile.write(json.dumps(result).encode())
  File "/home/dx1991/anaconda3/envs/ycyserver/lib/python3.12/socketserver.py", line 845, in write
    self._sock.sendall(b)
BrokenPipeError: [Errno 32] Broken pipe
----------------------------------------
----------------------------------------
Exception occurred during processing of request from ('127.0.0.1', 50670)
Traceback (most recent call last):
  File "/home/dx1991/anaconda3/envs/ycyserver/lib/python3.12/socketserver.py", line 697, in process_request_thread
    self.finish_request(request, client_address)
  File "/home/dx1991/anaconda3/envs/ycyserver/lib/python3.12/socketserver.py", line 362, in finish_request
    self.RequestHandlerClass(request, client_address, self)
  File "/home/dx1991/anaconda3/envs/ycyserver/lib/python3.12/socketserver.py", line 766, in __init__
    self.handle()
  File "/home/dx1991/anaconda3/envs/ycyserver/lib/python3.12/http/server.py", line 440, in handle
    self.handle_one_request()
  File "/home/dx1991/anaconda3/envs/ycyserver/lib/python3.12/http/server.py", line 428, in handle_one_request
    method()
  File "/home/dx1991/.openclaw/workspace-fusang/ycycam-udp/server/web_receiver.py", line 205, in do_GET
    self.send_status()
  File "/home/dx1991/.openclaw/workspace-fusang/ycycam-udp/server/web_receiver.py", line 644, in send_status
    self.wfile.write(json.dumps(stats).encode())
  File "/home/dx1991/anaconda3/envs/ycyserver/lib/python3.12/socketserver.py", line 845, in write
    self._sock.sendall(b)
BrokenPipeError: [Errno 32] Broken pipe
----------------------------------------
----------------------------------------
Exception occurred during processing of request from ('127.0.0.1', 50680)
Traceback (most recent call last):
  File "/home/dx1991/anaconda3/envs/ycyserver/lib/python3.12/socketserver.py", line 697, in process_request_thread
    self.finish_request(request, client_address)
  File "/home/dx1991/anaconda3/envs/ycyserver/lib/python3.12/socketserver.py", line 362, in finish_request
    self.RequestHandlerClass(request, client_address, self)
  File "/home/dx1991/anaconda3/envs/ycyserver/lib/python3.12/socketserver.py", line 766, in __init__
    self.handle()
  File "/home/dx1991/anaconda3/envs/ycyserver/lib/python3.12/http/server.py", line 440, in handle
    self.handle_one_request()
  File "/home/dx1991/anaconda3/envs/ycyserver/lib/python3.12/http/server.py", line 428, in handle_one_request
    method()
  File "/home/dx1991/.openclaw/workspace-fusang/ycycam-udp/server/web_receiver.py", line 207, in do_GET
    self.send_detections()
  File "/home/dx1991/.openclaw/workspace-fusang/ycycam-udp/server/web_receiver.py", line 248, in send_detections
    self.wfile.write(json.dumps(result).encode())
  File "/home/dx1991/anaconda3/envs/ycyserver/lib/python3.12/socketserver.py", line 845, in write
    self._sock.sendall(b)
BrokenPipeError: [Errno 32] Broken pipe
----------------------------------------
----------------------------------------
Exception occurred during processing of request from ('127.0.0.1', 50696)
Traceback (most recent call last):
  File "/home/dx1991/anaconda3/envs/ycyserver/lib/python3.12/socketserver.py", line 697, in process_request_thread
    self.finish_request(request, client_address)
  File "/home/dx1991/anaconda3/envs/ycyserver/lib/python3.12/socketserver.py", line 362, in finish_request
    self.RequestHandlerClass(request, client_address, self)
  File "/home/dx1991/anaconda3/envs/ycyserver/lib/python3.12/socketserver.py", line 766, in __init__
    self.handle()
  File "/home/dx1991/anaconda3/envs/ycyserver/lib/python3.12/http/server.py", line 440, in handle
    self.handle_one_request()
  File "/home/dx1991/anaconda3/envs/ycyserver/lib/python3.12/http/server.py", line 428, in handle_one_request
    method()
  File "/home/dx1991/.openclaw/workspace-fusang/ycycam-udp/server/web_receiver.py", line 205, in do_GET
    self.send_status()
  File "/home/dx1991/.openclaw/workspace-fusang/ycycam-udp/server/web_receiver.py", line 644, in send_status
    self.wfile.write(json.dumps(stats).encode())
  File "/home/dx1991/anaconda3/envs/ycyserver/lib/python3.12/socketserver.py", line 845, in write
    self._sock.sendall(b)
BrokenPipeError: [Errno 32] Broken pipe
----------------------------------------
----------------------------------------
Exception occurred during processing of request from ('127.0.0.1', 50708)
----------------------------------------
Exception occurred during processing of request from ('127.0.0.1', 50720)
Traceback (most recent call last):
  File "/home/dx1991/anaconda3/envs/ycyserver/lib/python3.12/socketserver.py", line 697, in process_request_thread
    self.finish_request(request, client_address)
  File "/home/dx1991/anaconda3/envs/ycyserver/lib/python3.12/socketserver.py", line 362, in finish_request
    self.RequestHandlerClass(request, client_address, self)
  File "/home/dx1991/anaconda3/envs/ycyserver/lib/python3.12/socketserver.py", line 766, in __init__
    self.handle()
  File "/home/dx1991/anaconda3/envs/ycyserver/lib/python3.12/http/server.py", line 440, in handle
    self.handle_one_request()
Traceback (most recent call last):
  File "/home/dx1991/anaconda3/envs/ycyserver/lib/python3.12/http/server.py", line 428, in handle_one_request
    method()
  File "/home/dx1991/anaconda3/envs/ycyserver/lib/python3.12/socketserver.py", line 697, in process_request_thread
    self.finish_request(request, client_address)
  File "/home/dx1991/.openclaw/workspace-fusang/ycycam-udp/server/web_receiver.py", line 207, in do_GET
    self.send_detections()
  File "/home/dx1991/anaconda3/envs/ycyserver/lib/python3.12/socketserver.py", line 362, in finish_request
    self.RequestHandlerClass(request, client_address, self)
  File "/home/dx1991/.openclaw/workspace-fusang/ycycam-udp/server/web_receiver.py", line 248, in send_detections
    self.wfile.write(json.dumps(result).encode())
  File "/home/dx1991/anaconda3/envs/ycyserver/lib/python3.12/socketserver.py", line 766, in __init__
    self.handle()
  File "/home/dx1991/anaconda3/envs/ycyserver/lib/python3.12/socketserver.py", line 845, in write
    self._sock.sendall(b)
  File "/home/dx1991/anaconda3/envs/ycyserver/lib/python3.12/http/server.py", line 440, in handle
    self.handle_one_request()
BrokenPipeError: [Errno 32] Broken pipe
  File "/home/dx1991/anaconda3/envs/ycyserver/lib/python3.12/http/server.py", line 428, in handle_one_request
    method()
----------------------------------------
  File "/home/dx1991/.openclaw/workspace-fusang/ycycam-udp/server/web_receiver.py", line 207, in do_GET
    self.send_detections()
  File "/home/dx1991/.openclaw/workspace-fusang/ycycam-udp/server/web_receiver.py", line 248, in send_detections
    self.wfile.write(json.dumps(result).encode())
  File "/home/dx1991/anaconda3/envs/ycyserver/lib/python3.12/socketserver.py", line 845, in write
    self._sock.sendall(b)
BrokenPipeError: [Errno 32] Broken pipe
----------------------------------------
----------------------------------------
Exception occurred during processing of request from ('127.0.0.1', 50726)
Traceback (most recent call last):
  File "/home/dx1991/anaconda3/envs/ycyserver/lib/python3.12/socketserver.py", line 697, in process_request_thread
    self.finish_request(request, client_address)
  File "/home/dx1991/anaconda3/envs/ycyserver/lib/python3.12/socketserver.py", line 362, in finish_request
    self.RequestHandlerClass(request, client_address, self)
  File "/home/dx1991/anaconda3/envs/ycyserver/lib/python3.12/socketserver.py", line 766, in __init__
    self.handle()
  File "/home/dx1991/anaconda3/envs/ycyserver/lib/python3.12/http/server.py", line 440, in handle
    self.handle_one_request()
  File "/home/dx1991/anaconda3/envs/ycyserver/lib/python3.12/http/server.py", line 428, in handle_one_request
    method()
  File "/home/dx1991/.openclaw/workspace-fusang/ycycam-udp/server/web_receiver.py", line 207, in do_GET
    self.send_detections()
  File "/home/dx1991/.openclaw/workspace-fusang/ycycam-udp/server/web_receiver.py", line 248, in send_detections
    self.wfile.write(json.dumps(result).encode())
  File "/home/dx1991/anaconda3/envs/ycyserver/lib/python3.12/socketserver.py", line 845, in write
    self._sock.sendall(b)
BrokenPipeError: [Errno 32] Broken pipe
----------------------------------------
----------------------------------------
Exception occurred during processing of request from ('127.0.0.1', 50732)
Traceback (most recent call last):
  File "/home/dx1991/anaconda3/envs/ycyserver/lib/python3.12/socketserver.py", line 697, in process_request_thread
    self.finish_request(request, client_address)
  File "/home/dx1991/anaconda3/envs/ycyserver/lib/python3.12/socketserver.py", line 362, in finish_request
    self.RequestHandlerClass(request, client_address, self)
  File "/home/dx1991/anaconda3/envs/ycyserver/lib/python3.12/socketserver.py", line 766, in __init__
    self.handle()
  File "/home/dx1991/anaconda3/envs/ycyserver/lib/python3.12/http/server.py", line 440, in handle
    self.handle_one_request()
  File "/home/dx1991/anaconda3/envs/ycyserver/lib/python3.12/http/server.py", line 428, in handle_one_request
    method()
  File "/home/dx1991/.openclaw/workspace-fusang/ycycam-udp/server/web_receiver.py", line 205, in do_GET
    self.send_status()
  File "/home/dx1991/.openclaw/workspace-fusang/ycycam-udp/server/web_receiver.py", line 644, in send_status
    self.wfile.write(json.dumps(stats).encode())
  File "/home/dx1991/anaconda3/envs/ycyserver/lib/python3.12/socketserver.py", line 845, in write
    self._sock.sendall(b)
BrokenPipeError: [Errno 32] Broken pipe
----------------------------------------
----------------------------------------
Exception occurred during processing of request from ('127.0.0.1', 50746)
Traceback (most recent call last):
  File "/home/dx1991/anaconda3/envs/ycyserver/lib/python3.12/socketserver.py", line 697, in process_request_thread
    self.finish_request(request, client_address)
  File "/home/dx1991/anaconda3/envs/ycyserver/lib/python3.12/socketserver.py", line 362, in finish_request
    self.RequestHandlerClass(request, client_address, self)
  File "/home/dx1991/anaconda3/envs/ycyserver/lib/python3.12/socketserver.py", line 766, in __init__
    self.handle()
  File "/home/dx1991/anaconda3/envs/ycyserver/lib/python3.12/http/server.py", line 440, in handle
    self.handle_one_request()
  File "/home/dx1991/anaconda3/envs/ycyserver/lib/python3.12/http/server.py", line 428, in handle_one_request
    method()
  File "/home/dx1991/.openclaw/workspace-fusang/ycycam-udp/server/web_receiver.py", line 205, in do_GET
    self.send_status()
  File "/home/dx1991/.openclaw/workspace-fusang/ycycam-udp/server/web_receiver.py", line 644, in send_status
    self.wfile.write(json.dumps(stats).encode())
  File "/home/dx1991/anaconda3/envs/ycyserver/lib/python3.12/socketserver.py", line 845, in write
    self._sock.sendall(b)
BrokenPipeError: [Errno 32] Broken pipe
----------------------------------------
----------------------------------------
Exception occurred during processing of request from ('127.0.0.1', 50760)
----------------------------------------
Traceback (most recent call last):
Exception occurred during processing of request from ('127.0.0.1', 50768)
  File "/home/dx1991/anaconda3/envs/ycyserver/lib/python3.12/socketserver.py", line 697, in process_request_thread
    self.finish_request(request, client_address)
Traceback (most recent call last):
  File "/home/dx1991/anaconda3/envs/ycyserver/lib/python3.12/socketserver.py", line 362, in finish_request
    self.RequestHandlerClass(request, client_address, self)
  File "/home/dx1991/anaconda3/envs/ycyserver/lib/python3.12/socketserver.py", line 697, in process_request_thread
    self.finish_request(request, client_address)
  File "/home/dx1991/anaconda3/envs/ycyserver/lib/python3.12/socketserver.py", line 766, in __init__
    self.handle()
  File "/home/dx1991/anaconda3/envs/ycyserver/lib/python3.12/socketserver.py", line 362, in finish_request
    self.RequestHandlerClass(request, client_address, self)
  File "/home/dx1991/anaconda3/envs/ycyserver/lib/python3.12/http/server.py", line 440, in handle
    self.handle_one_request()
  File "/home/dx1991/anaconda3/envs/ycyserver/lib/python3.12/socketserver.py", line 766, in __init__
    self.handle()
  File "/home/dx1991/anaconda3/envs/ycyserver/lib/python3.12/http/server.py", line 428, in handle_one_request
    method()
  File "/home/dx1991/anaconda3/envs/ycyserver/lib/python3.12/http/server.py", line 440, in handle
    self.handle_one_request()
  File "/home/dx1991/.openclaw/workspace-fusang/ycycam-udp/server/web_receiver.py", line 207, in do_GET
    self.send_detections()
  File "/home/dx1991/anaconda3/envs/ycyserver/lib/python3.12/http/server.py", line 428, in handle_one_request
    method()
  File "/home/dx1991/.openclaw/workspace-fusang/ycycam-udp/server/web_receiver.py", line 248, in send_detections
    self.wfile.write(json.dumps(result).encode())
  File "/home/dx1991/.openclaw/workspace-fusang/ycycam-udp/server/web_receiver.py", line 205, in do_GET
    self.send_status()
  File "/home/dx1991/anaconda3/envs/ycyserver/lib/python3.12/socketserver.py", line 845, in write
    self._sock.sendall(b)
  File "/home/dx1991/.openclaw/workspace-fusang/ycycam-udp/server/web_receiver.py", line 644, in send_status
    self.wfile.write(json.dumps(stats).encode())
BrokenPipeError: [Errno 32] Broken pipe
  File "/home/dx1991/anaconda3/envs/ycyserver/lib/python3.12/socketserver.py", line 845, in write
    self._sock.sendall(b)
----------------------------------------
BrokenPipeError: [Errno 32] Broken pipe
----------------------------------------
----------------------------------------
Exception occurred during processing of request from ('127.0.0.1', 50780)
Traceback (most recent call last):
  File "/home/dx1991/anaconda3/envs/ycyserver/lib/python3.12/socketserver.py", line 697, in process_request_thread
    self.finish_request(request, client_address)
  File "/home/dx1991/anaconda3/envs/ycyserver/lib/python3.12/socketserver.py", line 362, in finish_request
    self.RequestHandlerClass(request, client_address, self)
  File "/home/dx1991/anaconda3/envs/ycyserver/lib/python3.12/socketserver.py", line 766, in __init__
    self.handle()
  File "/home/dx1991/anaconda3/envs/ycyserver/lib/python3.12/http/server.py", line 440, in handle
    self.handle_one_request()
  File "/home/dx1991/anaconda3/envs/ycyserver/lib/python3.12/http/server.py", line 428, in handle_one_request
    method()
  File "/home/dx1991/.openclaw/workspace-fusang/ycycam-udp/server/web_receiver.py", line 205, in do_GET
    self.send_status()
  File "/home/dx1991/.openclaw/workspace-fusang/ycycam-udp/server/web_receiver.py", line 644, in send_status
    self.wfile.write(json.dumps(stats).encode())
  File "/home/dx1991/anaconda3/envs/ycyserver/lib/python3.12/socketserver.py", line 845, in write
    self._sock.sendall(b)
BrokenPipeError: [Errno 32] Broken pipe
----------------------------------------
----------------------------------------
Exception occurred during processing of request from ('127.0.0.1', 50786)
Traceback (most recent call last):
  File "/home/dx1991/anaconda3/envs/ycyserver/lib/python3.12/socketserver.py", line 697, in process_request_thread
    self.finish_request(request, client_address)
  File "/home/dx1991/anaconda3/envs/ycyserver/lib/python3.12/socketserver.py", line 362, in finish_request
    self.RequestHandlerClass(request, client_address, self)
  File "/home/dx1991/anaconda3/envs/ycyserver/lib/python3.12/socketserver.py", line 766, in __init__
    self.handle()
  File "/home/dx1991/anaconda3/envs/ycyserver/lib/python3.12/http/server.py", line 440, in handle
    self.handle_one_request()
  File "/home/dx1991/anaconda3/envs/ycyserver/lib/python3.12/http/server.py", line 428, in handle_one_request
    method()
  File "/home/dx1991/.openclaw/workspace-fusang/ycycam-udp/server/web_receiver.py", line 205, in do_GET
    self.send_status()
  File "/home/dx1991/.openclaw/workspace-fusang/ycycam-udp/server/web_receiver.py", line 644, in send_status
    self.wfile.write(json.dumps(stats).encode())
  File "/home/dx1991/anaconda3/envs/ycyserver/lib/python3.12/socketserver.py", line 845, in write
    self._sock.sendall(b)
BrokenPipeError: [Errno 32] Broken pipe
----------------------------------------
----------------------------------------
Exception occurred during processing of request from ('127.0.0.1', 50800)
Traceback (most recent call last):
  File "/home/dx1991/anaconda3/envs/ycyserver/lib/python3.12/socketserver.py", line 697, in process_request_thread
    self.finish_request(request, client_address)
  File "/home/dx1991/anaconda3/envs/ycyserver/lib/python3.12/socketserver.py", line 362, in finish_request
    self.RequestHandlerClass(request, client_address, self)
  File "/home/dx1991/anaconda3/envs/ycyserver/lib/python3.12/socketserver.py", line 766, in __init__
    self.handle()
  File "/home/dx1991/anaconda3/envs/ycyserver/lib/python3.12/http/server.py", line 440, in handle
    self.handle_one_request()
  File "/home/dx1991/anaconda3/envs/ycyserver/lib/python3.12/http/server.py", line 428, in handle_one_request
    method()
  File "/home/dx1991/.openclaw/workspace-fusang/ycycam-udp/server/web_receiver.py", line 207, in do_GET
    self.send_detections()
  File "/home/dx1991/.openclaw/workspace-fusang/ycycam-udp/server/web_receiver.py", line 248, in send_detections
    self.wfile.write(json.dumps(result).encode())
  File "/home/dx1991/anaconda3/envs/ycyserver/lib/python3.12/socketserver.py", line 845, in write
    self._sock.sendall(b)
BrokenPipeError: [Errno 32] Broken pipe
----------------------------------------
----------------------------------------
Exception occurred during processing of request from ('127.0.0.1', 50808)
Traceback (most recent call last):
  File "/home/dx1991/anaconda3/envs/ycyserver/lib/python3.12/socketserver.py", line 697, in process_request_thread
    self.finish_request(request, client_address)
  File "/home/dx1991/anaconda3/envs/ycyserver/lib/python3.12/socketserver.py", line 362, in finish_request
    self.RequestHandlerClass(request, client_address, self)
  File "/home/dx1991/anaconda3/envs/ycyserver/lib/python3.12/socketserver.py", line 766, in __init__
    self.handle()
  File "/home/dx1991/anaconda3/envs/ycyserver/lib/python3.12/http/server.py", line 440, in handle
    self.handle_one_request()
  File "/home/dx1991/anaconda3/envs/ycyserver/lib/python3.12/http/server.py", line 428, in handle_one_request
    method()
  File "/home/dx1991/.openclaw/workspace-fusang/ycycam-udp/server/web_receiver.py", line 207, in do_GET
    self.send_detections()
  File "/home/dx1991/.openclaw/workspace-fusang/ycycam-udp/server/web_receiver.py", line 248, in send_detections
    self.wfile.write(json.dumps(result).encode())
  File "/home/dx1991/anaconda3/envs/ycyserver/lib/python3.12/socketserver.py", line 845, in write
    self._sock.sendall(b)
BrokenPipeError: [Errno 32] Broken pipe
----------------------------------------
----------------------------------------
Exception occurred during processing of request from ('127.0.0.1', 50810)
Traceback (most recent call last):
  File "/home/dx1991/anaconda3/envs/ycyserver/lib/python3.12/socketserver.py", line 697, in process_request_thread
    self.finish_request(request, client_address)
  File "/home/dx1991/anaconda3/envs/ycyserver/lib/python3.12/socketserver.py", line 362, in finish_request
    self.RequestHandlerClass(request, client_address, self)
  File "/home/dx1991/anaconda3/envs/ycyserver/lib/python3.12/socketserver.py", line 766, in __init__
    self.handle()
  File "/home/dx1991/anaconda3/envs/ycyserver/lib/python3.12/http/server.py", line 440, in handle
    self.handle_one_request()
  File "/home/dx1991/anaconda3/envs/ycyserver/lib/python3.12/http/server.py", line 428, in handle_one_request
    method()
  File "/home/dx1991/.openclaw/workspace-fusang/ycycam-udp/server/web_receiver.py", line 207, in do_GET
    self.send_detections()
  File "/home/dx1991/.openclaw/workspace-fusang/ycycam-udp/server/web_receiver.py", line 248, in send_detections
    self.wfile.write(json.dumps(result).encode())
  File "/home/dx1991/anaconda3/envs/ycyserver/lib/python3.12/socketserver.py", line 845, in write
    self._sock.sendall(b)
BrokenPipeError: [Errno 32] Broken pipe
----------------------------------------
----------------------------------------
----------------------------------------
Exception occurred during processing of request from ('127.0.0.1', 50828)
Exception occurred during processing of request from ('127.0.0.1', 50830)
Traceback (most recent call last):
  File "/home/dx1991/anaconda3/envs/ycyserver/lib/python3.12/socketserver.py", line 697, in process_request_thread
    self.finish_request(request, client_address)
  File "/home/dx1991/anaconda3/envs/ycyserver/lib/python3.12/socketserver.py", line 362, in finish_request
    self.RequestHandlerClass(request, client_address, self)
  File "/home/dx1991/anaconda3/envs/ycyserver/lib/python3.12/socketserver.py", line 766, in __init__
    self.handle()
  File "/home/dx1991/anaconda3/envs/ycyserver/lib/python3.12/http/server.py", line 440, in handle
    self.handle_one_request()
  File "/home/dx1991/anaconda3/envs/ycyserver/lib/python3.12/http/server.py", line 428, in handle_one_request
    method()
  File "/home/dx1991/.openclaw/workspace-fusang/ycycam-udp/server/web_receiver.py", line 205, in do_GET
    self.send_status()
  File "/home/dx1991/.openclaw/workspace-fusang/ycycam-udp/server/web_receiver.py", line 644, in send_status
    self.wfile.write(json.dumps(stats).encode())
  File "/home/dx1991/anaconda3/envs/ycyserver/lib/python3.12/socketserver.py", line 845, in write
    self._sock.sendall(b)
BrokenPipeError: [Errno 32] Broken pipe
----------------------------------------
Traceback (most recent call last):
  File "/home/dx1991/anaconda3/envs/ycyserver/lib/python3.12/socketserver.py", line 697, in process_request_thread
    self.finish_request(request, client_address)
  File "/home/dx1991/anaconda3/envs/ycyserver/lib/python3.12/socketserver.py", line 362, in finish_request
    self.RequestHandlerClass(request, client_address, self)
  File "/home/dx1991/anaconda3/envs/ycyserver/lib/python3.12/socketserver.py", line 766, in __init__
    self.handle()
  File "/home/dx1991/anaconda3/envs/ycyserver/lib/python3.12/http/server.py", line 440, in handle
    self.handle_one_request()
  File "/home/dx1991/anaconda3/envs/ycyserver/lib/python3.12/http/server.py", line 428, in handle_one_request
    method()
  File "/home/dx1991/.openclaw/workspace-fusang/ycycam-udp/server/web_receiver.py", line 205, in do_GET
    self.send_status()
  File "/home/dx1991/.openclaw/workspace-fusang/ycycam-udp/server/web_receiver.py", line 644, in send_status
    self.wfile.write(json.dumps(stats).encode())
  File "/home/dx1991/anaconda3/envs/ycyserver/lib/python3.12/socketserver.py", line 845, in write
    self._sock.sendall(b)
BrokenPipeError: [Errno 32] Broken pipe
----------------------------------------
----------------------------------------
Exception occurred during processing of request from ('127.0.0.1', 50846)
Traceback (most recent call last):
  File "/home/dx1991/anaconda3/envs/ycyserver/lib/python3.12/socketserver.py", line 697, in process_request_thread
    self.finish_request(request, client_address)
  File "/home/dx1991/anaconda3/envs/ycyserver/lib/python3.12/socketserver.py", line 362, in finish_request
    self.RequestHandlerClass(request, client_address, self)
  File "/home/dx1991/anaconda3/envs/ycyserver/lib/python3.12/socketserver.py", line 766, in __init__
    self.handle()
  File "/home/dx1991/anaconda3/envs/ycyserver/lib/python3.12/http/server.py", line 440, in handle
    self.handle_one_request()
  File "/home/dx1991/anaconda3/envs/ycyserver/lib/python3.12/http/server.py", line 428, in handle_one_request
    method()
  File "/home/dx1991/.openclaw/workspace-fusang/ycycam-udp/server/web_receiver.py", line 205, in do_GET
    self.send_status()
  File "/home/dx1991/.openclaw/workspace-fusang/ycycam-udp/server/web_receiver.py", line 644, in send_status
    self.wfile.write(json.dumps(stats).encode())
  File "/home/dx1991/anaconda3/envs/ycyserver/lib/python3.12/socketserver.py", line 845, in write
    self._sock.sendall(b)
BrokenPipeError: [Errno 32] Broken pipe
----------------------------------------
----------------------------------------
Exception occurred during processing of request from ('127.0.0.1', 50856)
Traceback (most recent call last):
  File "/home/dx1991/anaconda3/envs/ycyserver/lib/python3.12/socketserver.py", line 697, in process_request_thread
    self.finish_request(request, client_address)
  File "/home/dx1991/anaconda3/envs/ycyserver/lib/python3.12/socketserver.py", line 362, in finish_request
    self.RequestHandlerClass(request, client_address, self)
  File "/home/dx1991/anaconda3/envs/ycyserver/lib/python3.12/socketserver.py", line 766, in __init__
    self.handle()
  File "/home/dx1991/anaconda3/envs/ycyserver/lib/python3.12/http/server.py", line 440, in handle
    self.handle_one_request()
  File "/home/dx1991/anaconda3/envs/ycyserver/lib/python3.12/http/server.py", line 428, in handle_one_request
    method()
  File "/home/dx1991/.openclaw/workspace-fusang/ycycam-udp/server/web_receiver.py", line 205, in do_GET
    self.send_status()
  File "/home/dx1991/.openclaw/workspace-fusang/ycycam-udp/server/web_receiver.py", line 644, in send_status
    self.wfile.write(json.dumps(stats).encode())
  File "/home/dx1991/anaconda3/envs/ycyserver/lib/python3.12/socketserver.py", line 845, in write
    self._sock.sendall(b)
BrokenPipeError: [Errno 32] Broken pipe
----------------------------------------
----------------------------------------
Exception occurred during processing of request from ('127.0.0.1', 49052)
Traceback (most recent call last):
  File "/home/dx1991/anaconda3/envs/ycyserver/lib/python3.12/socketserver.py", line 697, in process_request_thread
    self.finish_request(request, client_address)
  File "/home/dx1991/anaconda3/envs/ycyserver/lib/python3.12/socketserver.py", line 362, in finish_request
    self.RequestHandlerClass(request, client_address, self)
  File "/home/dx1991/anaconda3/envs/ycyserver/lib/python3.12/socketserver.py", line 766, in __init__
    self.handle()
  File "/home/dx1991/anaconda3/envs/ycyserver/lib/python3.12/http/server.py", line 440, in handle
    self.handle_one_request()
  File "/home/dx1991/anaconda3/envs/ycyserver/lib/python3.12/http/server.py", line 428, in handle_one_request
    method()
  File "/home/dx1991/.openclaw/workspace-fusang/ycycam-udp/server/web_receiver.py", line 205, in do_GET
    self.send_status()
  File "/home/dx1991/.openclaw/workspace-fusang/ycycam-udp/server/web_receiver.py", line 644, in send_status
    self.wfile.write(json.dumps(stats).encode())
  File "/home/dx1991/anaconda3/envs/ycyserver/lib/python3.12/socketserver.py", line 845, in write
    self._sock.sendall(b)
BrokenPipeError: [Errno 32] Broken pipe
----------------------------------------
Corrupt JPEG data: premature end of data segment
----------------------------------------
Exception occurred during processing of request from ('127.0.0.1', 37528)
Traceback (most recent call last):
  File "/home/dx1991/anaconda3/envs/ycyserver/lib/python3.12/socketserver.py", line 697, in process_request_thread
    self.finish_request(request, client_address)
  File "/home/dx1991/anaconda3/envs/ycyserver/lib/python3.12/socketserver.py", line 362, in finish_request
    self.RequestHandlerClass(request, client_address, self)
  File "/home/dx1991/anaconda3/envs/ycyserver/lib/python3.12/socketserver.py", line 766, in __init__
    self.handle()
  File "/home/dx1991/anaconda3/envs/ycyserver/lib/python3.12/http/server.py", line 440, in handle
    self.handle_one_request()
  File "/home/dx1991/anaconda3/envs/ycyserver/lib/python3.12/http/server.py", line 428, in handle_one_request
    method()
  File "/home/dx1991/.openclaw/workspace-fusang/ycycam-udp/server/web_receiver.py", line 205, in do_GET
    self.send_status()
  File "/home/dx1991/.openclaw/workspace-fusang/ycycam-udp/server/web_receiver.py", line 644, in send_status
    self.wfile.write(json.dumps(stats).encode())
  File "/home/dx1991/anaconda3/envs/ycyserver/lib/python3.12/socketserver.py", line 845, in write
    self._sock.sendall(b)
BrokenPipeError: [Errno 32] Broken pipe
----------------------------------------
----------------------------------------
Exception occurred during processing of request from ('127.0.0.1', 40158)
Traceback (most recent call last):
  File "/home/dx1991/anaconda3/envs/ycyserver/lib/python3.12/socketserver.py", line 697, in process_request_thread
    self.finish_request(request, client_address)
  File "/home/dx1991/anaconda3/envs/ycyserver/lib/python3.12/socketserver.py", line 362, in finish_request
    self.RequestHandlerClass(request, client_address, self)
  File "/home/dx1991/anaconda3/envs/ycyserver/lib/python3.12/socketserver.py", line 766, in __init__
    self.handle()
  File "/home/dx1991/anaconda3/envs/ycyserver/lib/python3.12/http/server.py", line 440, in handle
    self.handle_one_request()
  File "/home/dx1991/anaconda3/envs/ycyserver/lib/python3.12/http/server.py", line 428, in handle_one_request
    method()
  File "/home/dx1991/.openclaw/workspace-fusang/ycycam-udp/server/web_receiver.py", line 207, in do_GET
    self.send_detections()
  File "/home/dx1991/.openclaw/workspace-fusang/ycycam-udp/server/web_receiver.py", line 248, in send_detections
    self.wfile.write(json.dumps(result).encode())
  File "/home/dx1991/anaconda3/envs/ycyserver/lib/python3.12/socketserver.py", line 845, in write
    self._sock.sendall(b)
BrokenPipeError: [Errno 32] Broken pipe
----------------------------------------
