----------------------------------------
Exception occurred during processing of request from ('127.0.0.1', 53346)
Traceback (most recent call last):
  File "/home/dx1991/anaconda3/envs/ycyserver/lib/python3.12/socketserver.py", line 318, in _handle_request_noblock
    self.process_request(request, client_address)
  File "/home/dx1991/anaconda3/envs/ycyserver/lib/python3.12/socketserver.py", line 349, in process_request
    self.finish_request(request, client_address)
  File "/home/dx1991/anaconda3/envs/ycyserver/lib/python3.12/socketserver.py", line 362, in finish_request
    self.RequestHandlerClass(request, client_address, self)
  File "/home/dx1991/anaconda3/envs/ycyserver/lib/python3.12/socketserver.py", line 766, in __init__
    self.handle()
  File "/home/dx1991/anaconda3/envs/ycyserver/lib/python3.12/http/server.py", line 440, in handle
    self.handle_one_request()
  File "/home/dx1991/anaconda3/envs/ycyserver/lib/python3.12/http/server.py", line 428, in handle_one_request
    method()
  File "/home/dx1991/.openclaw/workspace-fusang/ycycam-udp/web_receiver.py", line 44, in do_GET
    self.send_status_json()
  File "/home/dx1991/.openclaw/workspace-fusang/ycycam-udp/web_receiver.py", line 184, in send_status_json
    self.wfile.write(json.dumps(data).encode())
  File "/home/dx1991/anaconda3/envs/ycyserver/lib/python3.12/socketserver.py", line 845, in write
    self._sock.sendall(b)
BrokenPipeError: [Errno 32] Broken pipe
----------------------------------------
----------------------------------------
Exception occurred during processing of request from ('127.0.0.1', 53362)
Traceback (most recent call last):
  File "/home/dx1991/anaconda3/envs/ycyserver/lib/python3.12/socketserver.py", line 318, in _handle_request_noblock
    self.process_request(request, client_address)
  File "/home/dx1991/anaconda3/envs/ycyserver/lib/python3.12/socketserver.py", line 349, in process_request
    self.finish_request(request, client_address)
  File "/home/dx1991/anaconda3/envs/ycyserver/lib/python3.12/socketserver.py", line 362, in finish_request
    self.RequestHandlerClass(request, client_address, self)
  File "/home/dx1991/anaconda3/envs/ycyserver/lib/python3.12/socketserver.py", line 766, in __init__
    self.handle()
  File "/home/dx1991/anaconda3/envs/ycyserver/lib/python3.12/http/server.py", line 440, in handle
    self.handle_one_request()
  File "/home/dx1991/anaconda3/envs/ycyserver/lib/python3.12/http/server.py", line 428, in handle_one_request
    method()
  File "/home/dx1991/.openclaw/workspace-fusang/ycycam-udp/web_receiver.py", line 46, in do_GET
    self.send_error(404)
  File "/home/dx1991/anaconda3/envs/ycyserver/lib/python3.12/http/server.py", line 495, in send_error
    self.wfile.write(body)
  File "/home/dx1991/anaconda3/envs/ycyserver/lib/python3.12/socketserver.py", line 845, in write
    self._sock.sendall(b)
BrokenPipeError: [Errno 32] Broken pipe
----------------------------------------
----------------------------------------
Exception occurred during processing of request from ('127.0.0.1', 44984)
Traceback (most recent call last):
  File "/home/dx1991/anaconda3/envs/ycyserver/lib/python3.12/socketserver.py", line 318, in _handle_request_noblock
    self.process_request(request, client_address)
  File "/home/dx1991/anaconda3/envs/ycyserver/lib/python3.12/socketserver.py", line 349, in process_request
    self.finish_request(request, client_address)
  File "/home/dx1991/anaconda3/envs/ycyserver/lib/python3.12/socketserver.py", line 362, in finish_request
    self.RequestHandlerClass(request, client_address, self)
  File "/home/dx1991/anaconda3/envs/ycyserver/lib/python3.12/socketserver.py", line 766, in __init__
    self.handle()
  File "/home/dx1991/anaconda3/envs/ycyserver/lib/python3.12/http/server.py", line 440, in handle
    self.handle_one_request()
  File "/home/dx1991/anaconda3/envs/ycyserver/lib/python3.12/http/server.py", line 428, in handle_one_request
    method()
  File "/home/dx1991/.openclaw/workspace-fusang/ycycam-udp/web_receiver.py", line 44, in do_GET
    self.send_status_json()
  File "/home/dx1991/.openclaw/workspace-fusang/ycycam-udp/web_receiver.py", line 184, in send_status_json
    self.wfile.write(json.dumps(data).encode())
  File "/home/dx1991/anaconda3/envs/ycyserver/lib/python3.12/socketserver.py", line 845, in write
    self._sock.sendall(b)
BrokenPipeError: [Errno 32] Broken pipe
----------------------------------------
----------------------------------------
Exception occurred during processing of request from ('127.0.0.1', 45000)
Traceback (most recent call last):
  File "/home/dx1991/anaconda3/envs/ycyserver/lib/python3.12/socketserver.py", line 318, in _handle_request_noblock
    self.process_request(request, client_address)
  File "/home/dx1991/anaconda3/envs/ycyserver/lib/python3.12/socketserver.py", line 349, in process_request
    self.finish_request(request, client_address)
  File "/home/dx1991/anaconda3/envs/ycyserver/lib/python3.12/socketserver.py", line 362, in finish_request
    self.RequestHandlerClass(request, client_address, self)
  File "/home/dx1991/anaconda3/envs/ycyserver/lib/python3.12/socketserver.py", line 766, in __init__
    self.handle()
  File "/home/dx1991/anaconda3/envs/ycyserver/lib/python3.12/http/server.py", line 440, in handle
    self.handle_one_request()
  File "/home/dx1991/anaconda3/envs/ycyserver/lib/python3.12/http/server.py", line 428, in handle_one_request
    method()
  File "/home/dx1991/.openclaw/workspace-fusang/ycycam-udp/web_receiver.py", line 46, in do_GET
    self.send_error(404)
  File "/home/dx1991/anaconda3/envs/ycyserver/lib/python3.12/http/server.py", line 495, in send_error
    self.wfile.write(body)
  File "/home/dx1991/anaconda3/envs/ycyserver/lib/python3.12/socketserver.py", line 845, in write
    self._sock.sendall(b)
BrokenPipeError: [Errno 32] Broken pipe
----------------------------------------
----------------------------------------
Exception occurred during processing of request from ('127.0.0.1', 39212)
Traceback (most recent call last):
  File "/home/dx1991/anaconda3/envs/ycyserver/lib/python3.12/socketserver.py", line 318, in _handle_request_noblock
    self.process_request(request, client_address)
  File "/home/dx1991/anaconda3/envs/ycyserver/lib/python3.12/socketserver.py", line 349, in process_request
    self.finish_request(request, client_address)
  File "/home/dx1991/anaconda3/envs/ycyserver/lib/python3.12/socketserver.py", line 362, in finish_request
    self.RequestHandlerClass(request, client_address, self)
  File "/home/dx1991/anaconda3/envs/ycyserver/lib/python3.12/socketserver.py", line 766, in __init__
    self.handle()
  File "/home/dx1991/anaconda3/envs/ycyserver/lib/python3.12/http/server.py", line 440, in handle
    self.handle_one_request()
  File "/home/dx1991/anaconda3/envs/ycyserver/lib/python3.12/http/server.py", line 428, in handle_one_request
    method()
  File "/home/dx1991/.openclaw/workspace-fusang/ycycam-udp/web_receiver.py", line 44, in do_GET
    self.send_status_json()
  File "/home/dx1991/.openclaw/workspace-fusang/ycycam-udp/web_receiver.py", line 184, in send_status_json
    self.wfile.write(json.dumps(data).encode())
  File "/home/dx1991/anaconda3/envs/ycyserver/lib/python3.12/socketserver.py", line 845, in write
    self._sock.sendall(b)
BrokenPipeError: [Errno 32] Broken pipe
----------------------------------------
----------------------------------------
Exception occurred during processing of request from ('127.0.0.1', 39218)
Traceback (most recent call last):
  File "/home/dx1991/anaconda3/envs/ycyserver/lib/python3.12/socketserver.py", line 318, in _handle_request_noblock
    self.process_request(request, client_address)
  File "/home/dx1991/anaconda3/envs/ycyserver/lib/python3.12/socketserver.py", line 349, in process_request
    self.finish_request(request, client_address)
  File "/home/dx1991/anaconda3/envs/ycyserver/lib/python3.12/socketserver.py", line 362, in finish_request
    self.RequestHandlerClass(request, client_address, self)
  File "/home/dx1991/anaconda3/envs/ycyserver/lib/python3.12/socketserver.py", line 766, in __init__
    self.handle()
  File "/home/dx1991/anaconda3/envs/ycyserver/lib/python3.12/http/server.py", line 440, in handle
    self.handle_one_request()
  File "/home/dx1991/anaconda3/envs/ycyserver/lib/python3.12/http/server.py", line 428, in handle_one_request
    method()
  File "/home/dx1991/.openclaw/workspace-fusang/ycycam-udp/web_receiver.py", line 46, in do_GET
    self.send_error(404)
  File "/home/dx1991/anaconda3/envs/ycyserver/lib/python3.12/http/server.py", line 495, in send_error
    self.wfile.write(body)
  File "/home/dx1991/anaconda3/envs/ycyserver/lib/python3.12/socketserver.py", line 845, in write
    self._sock.sendall(b)
BrokenPipeError: [Errno 32] Broken pipe
----------------------------------------
----------------------------------------
Exception occurred during processing of request from ('127.0.0.1', 55850)
Traceback (most recent call last):
  File "/home/dx1991/anaconda3/envs/ycyserver/lib/python3.12/socketserver.py", line 318, in _handle_request_noblock
    self.process_request(request, client_address)
  File "/home/dx1991/anaconda3/envs/ycyserver/lib/python3.12/socketserver.py", line 349, in process_request
    self.finish_request(request, client_address)
  File "/home/dx1991/anaconda3/envs/ycyserver/lib/python3.12/socketserver.py", line 362, in finish_request
    self.RequestHandlerClass(request, client_address, self)
  File "/home/dx1991/anaconda3/envs/ycyserver/lib/python3.12/socketserver.py", line 766, in __init__
    self.handle()
  File "/home/dx1991/anaconda3/envs/ycyserver/lib/python3.12/http/server.py", line 440, in handle
    self.handle_one_request()
  File "/home/dx1991/anaconda3/envs/ycyserver/lib/python3.12/http/server.py", line 428, in handle_one_request
    method()
  File "/home/dx1991/.openclaw/workspace-fusang/ycycam-udp/web_receiver.py", line 44, in do_GET
    self.send_status_json()
  File "/home/dx1991/.openclaw/workspace-fusang/ycycam-udp/web_receiver.py", line 184, in send_status_json
    self.wfile.write(json.dumps(data).encode())
  File "/home/dx1991/anaconda3/envs/ycyserver/lib/python3.12/socketserver.py", line 845, in write
    self._sock.sendall(b)
BrokenPipeError: [Errno 32] Broken pipe
----------------------------------------
----------------------------------------
Exception occurred during processing of request from ('127.0.0.1', 55866)
Traceback (most recent call last):
  File "/home/dx1991/anaconda3/envs/ycyserver/lib/python3.12/socketserver.py", line 318, in _handle_request_noblock
    self.process_request(request, client_address)
  File "/home/dx1991/anaconda3/envs/ycyserver/lib/python3.12/socketserver.py", line 349, in process_request
    self.finish_request(request, client_address)
  File "/home/dx1991/anaconda3/envs/ycyserver/lib/python3.12/socketserver.py", line 362, in finish_request
    self.RequestHandlerClass(request, client_address, self)
  File "/home/dx1991/anaconda3/envs/ycyserver/lib/python3.12/socketserver.py", line 766, in __init__
    self.handle()
  File "/home/dx1991/anaconda3/envs/ycyserver/lib/python3.12/http/server.py", line 440, in handle
    self.handle_one_request()
  File "/home/dx1991/anaconda3/envs/ycyserver/lib/python3.12/http/server.py", line 428, in handle_one_request
    method()
  File "/home/dx1991/.openclaw/workspace-fusang/ycycam-udp/web_receiver.py", line 46, in do_GET
    self.send_error(404)
  File "/home/dx1991/anaconda3/envs/ycyserver/lib/python3.12/http/server.py", line 495, in send_error
    self.wfile.write(body)
  File "/home/dx1991/anaconda3/envs/ycyserver/lib/python3.12/socketserver.py", line 845, in write
    self._sock.sendall(b)
BrokenPipeError: [Errno 32] Broken pipe
----------------------------------------
